> customermanagement@1.0.0 test
> jest

  console.log
    Sorting customers...

      at log (script.js:42:13)

  console.log
    Searching for: alice

      at log (script.js:49:13)

  console.log
    Filtered Customers: [
      {
        name: 'Alice Smith',
        email: 'alice@example.com',
        phone: '234-567-8901'
      }
    ]

      at log (script.js:53:13)

npm : PASS ./script.test.js
At line:1 char:1
+ npm test > test-log.txt 2>&1
+ ~~~~~~~~~~~~~~~~~~~~~~~~~~~~
    + CategoryInfo          : NotSpecified: (PASS ./script.test.js:String) [], RemoteException
    + FullyQualifiedErrorId : NativeCommandError
 
  Customer Management Tests
    ÔêÜ Sort customers alphabetically (50 ms)
    ÔêÜ Search for a customer by name (13 ms)

Test Suites: 1 passed, 1 total
Tests:       2 passed, 2 total
Snapshots:   0 total
Time:        1.235 s
Ran all test suites.
